[  0.000000 ] [ EARLY  ] BlockOS Kernel Bootstrap Core Active...
[  0.000001 ] [ EARLY  ] Multiboot2 magic number verified: 0x36D32896
[  0.000002 ] [ EARLY  ] Bootloader identification: QEMU/GRUB2 Multiboot compliant
[  0.000004 ] [ INFO   ] CPU Vendor: GenuineIntel | Family: 6 Model: 158 Stepping: 9
[  0.000006 ] [ INFO   ] CPU Model: Intel(R) Core(TM) i7-8700K CPU @ 3.70GHz
[  0.000008 ] [ INFO   ] CPU Flags: FPU VME DE PSE TSC MSR PAE MCE CX8 APIC SEP MTRR PGE MCA CMOV PAT PSE36 CLFSH DS ACPI MMX FXSR SSE SSE2 SS HTT TM PBE SYSCALL NX RDTSCP LM CONSTANT_TSC XSAVE OSXSAVE AVX F16C RDRAND
[  0.000010 ] [ INFO   ] Transitioning from Protected Mode (32-bit) to Long Mode (64-bit)...
[  0.000012 ] [  OK    ] pml4_runner initialized: Page Map Level 4 tables established.
[  0.000015 ] [  OK    ] CR3 register updated with PML4 base address: 0x00000000001F0000
[  0.000018 ] [  OK    ] Long Mode active. EFER MSR NX-bit enabled.
[  0.000105 ] [ INFO   ] Setting up Hardware Descriptors (arch/86_64x/hardware_tables.cpp)...
[  0.000120 ] [ INFO   ] Constructing new Global Descriptor Table (GDT)...
[  0.000210 ] [  OK    ] Global Descriptor Table configured (Kernel Code, Kernel Data, User Code, User Data segments).
[  0.000250 ] [ INFO   ] Loading Task State Segment (TSS) for hardware context switches...
[  0.000310 ] [  OK    ] TSS descriptor loaded at GDT index 5. Interrupt Stack Table (IST1) assigned for Double Faults.
[  0.000400 ] [ INFO   ] Constructing Interrupt Descriptor Table (idt.cpp)...
[  0.000450 ] [  OK    ] Interrupt Descriptor Table (IDT) loaded with 256 execution stubs.
[  0.000480 ] [ INFO   ] Remapping Legacy Intel 8259 Programmable Interrupt Controller (PIC)...
[  0.000520 ] [  OK    ] PIC Master remapped to IRQ vector 0x20, Slave remapped to IRQ vector 0x28.
[  0.000600 ] [ INFO   ] Masking all legacy PIC interrupt lines to prepare for APIC migration.
[  0.000650 ] [ INFO   ] Local APIC (Advanced Programmable Interrupt Controller) detection...
[  0.000710 ] [  OK    ] IA32_APIC_BASE MSR points to physical address: 0xFEE00000
[  0.000780 ] [  OK    ] Local APIC software-enabled. Spurious Interrupt Vector set to 0xFF.
[  0.000850 ] [ INFO   ] Calibrating APIC Timer using x86 Time Stamp Counter (TSC)...
[  0.000995 ] [  OK    ] APIC Timer calibrated. Bus frequency: 100.042 MHz.
[  0.001002 ] [ INFO   ] Initializing Core Memory Allocator (kernel/allocator.cpp)...
[  0.001050 ] [ INFO   ] Parsing Multiboot2 Memory Map tags...
[  0.001120 ] [ INFO   ] MMAP Entry: 0x0000000000000000 - 0x000000000009FFFF (Available RAM)
[  0.001150 ] [ INFO   ] MMAP Entry: 0x00000000000A0000 - 0x00000000000FFFFF (Reserved System ROM/VGA)
[  0.001200 ] [ INFO   ] MMAP Entry: 0x0000000000100000 - 0x000000007FFFFFFF (Available RAM)
[  0.001500 ] [ INFO   ] Reserving kernel memory space: 0x00100000 - 0x004F8A32 (Kernel Elf Segments)
[  0.002100 ] [ INFO   ] Initializing Page Frame Allocator (Bitmap implementation)...
[  0.003115 ] [  OK    ] Physical Memory Manager ready. Free pages available: 524288 (2048 MB total RAM)
[  0.003400 ] [ INFO   ] Initializing Kernel Virtual Heap Manager (kernel/allocator.cpp)...
[  0.003890 ] [  OK    ] Kernel Heap initialized. Dynamic memory allocation (kmalloc / kfree) active.
[  0.004050 ] [ INFO   ] Activating Preemptive Scheduler (scheduler_preempt.cpp)...
[  0.004200 ] [ INFO   ] Creating idle thread context...
[  0.004450 ] [ INFO   ] Allocating stack space for Kernel Main Thread (Size: 64 KB)...
[  0.005120 ] [  OK    ] APIC Timer interrupt unmasked on vector 0x20. Quantum set to 10ms.
[  0.006001 ] [  OK    ] Multitasking engine active. Kernel thread scheduler is now running.
[  0.007000 ] [ INFO   ] Spawning asynchronous kernel event daemon (kernel/events.cpp)...
[  0.008110 ] [  OK    ] Event loop active. Ring buffer for kernel messages initialized.
[  0.010155 ] [ INFO   ] Probing PCI Subsystem (drivers/pci_subsystem.cpp)...
[  0.010500 ] [ INFO   ] Scanning PCI Bus 00...
[  0.011200 ] [ INFO   ] PCI Bus 00 Slot 00 Device 00: Vendor: 0x8086 Device: 0x1237 (Intel 440FX Host Bridge)
[  0.012440 ] [ INFO   ] PCI Bus 00 Slot 01 Device 00: Vendor: 0x15AD Device: 0x0405 (VMware SVGA II Display Controller)
[  0.012890 ] [ INFO   ] BAR 0: Memory Space at 0x10000000 (Size: 16 MB, Prefetchable)
[  0.013110 ] [ INFO   ] BAR 1: Memory Space at 0x11000000 (Size: 8 MB, Non-Prefetchable)
[  0.013510 ] [ INFO   ] PCI Bus 00 Slot 02 Device 00: Vendor: 0x1AF4 Device: 0x1001 (VirtIO Block Device)
[  0.013800 ] [ INFO   ] BAR 0: I/O Ports at 0xC000 (Size: 64 bytes)
[  0.013950 ] [ INFO   ] BAR 4: Memory Space at 0xFEBC0000 (Size: 4 KB, Non-Prefetchable)
[  0.014200 ] [ INFO   ] PCI Bus 00 Slot 03 Device 00: Vendor: 0x1AF4 Device: 0x1000 (VirtIO Network Adapter)
[  0.014500 ] [ INFO   ] BAR 0: I/O Ports at 0xC040 (Size: 32 bytes)
[  0.014800 ] [ INFO   ] BAR 4: Memory Space at 0xFEBD0000 (Size: 4 KB, Non-Prefetchable)
[  0.015000 ] [  OK    ] PCI Bus scan complete. Total devices indexed: 5.
[  0.016000 ] [ INFO   ] Activating PCI MSI-X subsystem (drivers/pci_msix.cpp)...
[  0.017500 ] [  OK    ] MSI-X capabilities detected and mapped for VirtIO storage device.
[  0.020110 ] [ INFO   ] Initializing Linear Framebuffer Driver (drivers/fb.cpp)...
[  0.021500 ] [ INFO   ] Querying bootloader graphics tag parameters...
[  0.022400 ] [ INFO   ] Framebuffer address: 0x10000000 | Width: 1024 | Height: 768 | Pitch: 4096
[  0.023100 ] [ INFO   ] Color format: 32-bit ARGB8888 (Red Mask Size: 8, Shift: 16)
[  0.035420 ] [  OK    ] Video Subsystem online. Core display driver initialized.
[  0.036100 ] [  OK    ] Backbuffer memory pool allocated (3072 KB) for zero-tearing page flips.
[  0.040105 ] [ INFO   ] Initializing VirtIO Core Infrastructure (drivers/virtio_common.cpp)...
[  0.041200 ] [ INFO   ] Checking feature bits for VirtIO Version 1.0 (Modern Mode compliant)...
[  0.043500 ] [  OK    ] VirtIO modern device capabilities mapped successfully via PCI configuration space.
[  0.045230 ] [ INFO   ] Initializing VirtIO Block Device Driver (drivers/virtio_blk.cpp)...
[  0.046110 ] [ INFO   ] Allocating Virtqueues for Block Storage Operations...
[  0.048900 ] [ INFO   ] Virtqueue 0 allocated at physical frame 0x0041A000. Descriptor Count: 256
[  0.050110 ] [ INFO   ] Negotiating Block Device Features (VIRTIO_BLK_F_SIZE_MAX, VIRTIO_BLK_F_SEG_MAX, VIRTIO_BLK_F_TOPOLOGY)...
[  0.051500 ] [  OK    ] Features negotiated. Driver status flags set to DRIVER_OK.
[  0.052115 ] [  OK    ] virtio_blk driver attached. Detected disk size: 40 GB (83886080 sectors).
[  0.061004 ] [ INFO   ] Initializing Virtual File System Core (fs/vfs.cpp)...
[  0.061500 ] [ INFO   ] Registering internal kernel filesystems...
[  0.062100 ] [  OK    ] VFS layer initialized. Root mount point list is blank.
[  0.062450 ] [  OK    ] RamFS file system type registered. Internal instance mounted on /tmp (volatile storage).
[  0.063000 ] [ INFO   ] Initializing block layer VFS adapter (fs/vfs_blk_adapter.cpp)...
[  0.064200 ] [  OK    ] Block device /dev/vda abstraction bound to virtio_blk instance 0.
[  0.075190 ] [ INFO   ] Mounting primary storage volume (fs/targets/ext4/ext4.cpp)...
[  0.076800 ] [ INFO   ] Reading Ext4 Superblock from sector 2048 of /dev/vda...
[  0.081200 ] [ INFO   ] Ext4 Magic Verified: 0xEF53 | Block size: 4096 bytes
[  0.085400 ] [ INFO   ] Ext4 Features Check: Has Journal, Extents Enabled, 64-bit Compatible.
[  0.092100 ] [ INFO   ] Loading Block Group Descriptors into kernel memory...
[  0.101500 ] [ INFO   ] Initializing Ext4 JBD2 journaling recovery layer...
[  0.110200 ] [  OK    ] Journal is clean. No orphan inodes found to recover.
[  0.112440 ] [  OK    ] Ext4 Filesystem validation complete. Label: "BLOCKOS_ROOT"
[  0.115002 ] [  OK    ] Primary storage successfully mounted on root path (/).
[  0.118000 ] [ INFO   ] Loading core settings file (/blockos.settings)...
[  0.119400 ] [ INFO   ] Settings parameter: [SYSTEM_INIT = /kernel/systemd_parser]
[  0.120115 ] [ INFO   ] Parsing boot topology specifications (kernel/systemd_parser.cpp)...
[  0.121500 ] [ INFO   ] Scanning script configurations inside /system/init.d/...
[  0.123200 ] [ INFO   ] Building task execution order from system matrix configuration files...
[  0.125600 ] [  OK    ] Topological dependency graph generated: 14 distinct system services mapped.
[  0.130105 ] [ INFO   ] Initializing Legacy Input Devices Subsystem...
[  0.131200 ] [ INFO   ] Sending Reset command (0xFF) to PS/2 Keyboard microcontroller...
[  0.131900 ] [  OK    ] PS/2 Controller acknowledged command (0xFA). Self-test passed (0xAA).
[  0.132440 ] [  OK    ] ps2keyboard driver initialized. System scancode translation matrix set to Set 2.
[  0.133100 ] [ INFO   ] Sending Enable Scanning command (0xF4) to auxiliary PS/2 Mouse port...
[  0.134500 ] [  OK    ] PS/2 Mouse acknowledged. Compiling hardware scaling parameters...
[  0.136110 ] [  OK    ] ps2mouse driver active. Resolution: 4 counts/mm. Sampling rate: 40Hz. Interrupt vector: 0x2C.
[  0.140100 ] [ INFO   ] Launching Kernel Network Stack Layer (drivers/lwip_adapter.cpp)...
[  0.142500 ] [ INFO   ] Initializing VirtIO Network interface card...
[  0.145600 ] [ INFO   ] Allocating Virtqueues for Network packets (TX and RX queues)...
[  0.148900 ] [ INFO   ] Virtqueue 1 (RX) allocated at 0x0045B000. Virtqueue 2 (TX) allocated at 0x0045C000.
[  0.155000 ] [ INFO   ] Reading hardware MAC address from VirtIO configuration block...
[  0.160200 ] [ INFO   ] MAC Address: 52:54:00:12:34:56
[  0.165400 ] [  OK    ] Network driver online. Device mapped to interface eth0.
[  0.170110 ] [ INFO   ] Initializing lwIP (Lightweight IP) stack abstraction...
[  0.175400 ] [ INFO   ] Activating DHCP client daemon on eth0...
[  0.185220 ] [  OK    ] DHCP Discovery packet broadcasted through virtio_net_tx interface.
[  0.254100 ] [ INFO   ] DHCP Offer received from server 10.0.2.2. Requesting configuration...
[ 0.340115 ] [ INFO ] Spawning GUI Object Widget Toolkit Core Infrastructures...
[ 0.342100 ] [ INFO ] Registering base abstract widget class prototypes and memory structures...
[ 0.345220 ] [ OK ] Base Widget core structure verification: Checked.
[ 0.347500 ] [ INFO ] Allocating object pools for layout managers and active container lists...
[ 0.350100 ] [ OK ] Container and system Focus Management controller arrays initialized.
[ 0.352400 ] [ INFO ] Loading available UI kit primitive definitions...
[ 0.355115 ] [ OK ] Toolkit registration successful: Primitive components [Button, Label, TextBox, ScrollBar] bound.
[ 0.358200 ] [ INFO ] Loading visual theme profiles from file system (/system/security/theme.cfg)...
[ 0.359500 ] [ OK ] Theme loaded: Flat Classic Grey palette active.
[ 0.360105 ] [ INFO ] Executing handoff sequence to primary Desktop Environment (examples/shell.cpp)...
[ 0.362100 ] [ INFO ] Allocating User-space runtime boundaries for the shell window process...
[ 0.364400 ] [ INFO ] Launching main application context container...
[ 0.365440 ] [ OK ] Boot process complete. Dismantling early boot logger. Displaying Desktop Canvas.
[  0.298500 ] [ INFO   ] DHCP Acknowledgment received. Finalizing local stack network variables.
[  0.312005 ] [  OK    ] Network Identity Assigned -> IP: 10.0.2.15 | Netmask: 255.255.255.0 | Gateway: 10.0.2.2
[  0.313410 ] [  WARN  ] ps2mouse: High-rate sampling (80Hz) failed. Falling back to safe legacy mode (40Hz).
[  0.315000 ] [ INFO   ] Initializing Graphical User Interface Subsystem (kernel/gui/)...
[  0.316200 ] [ INFO   ] Opening system bitmap font resource package located at /system/fonts/default.psf...
[  0.318440 ] [ INFO   ] Reading PSFv2 file headers. Font height: 16 pixels. Font width: 8 pixels.
[  0.322110 ] [  OK    ] Font engine ready. 256 glyph bitmaps compiled into fast access kernel arrays.
[  0.330105 ] [ INFO   ] Initializing Window Compositor Subsystem (kernel/gui/compositor.cpp)...
[  0.332500 ] [ INFO   ] Allocating global layer stack allocation tables...
[  0.333900 ] [ INFO   ] Creating system mouse cursor cursor bitmap projection map...
[  0.335440 ] [  OK    ] Compositor active. Z-index ordering engine online. Event bubbling routing path open.
[  0.340115 ] [ INFO   ] Spawning GUI Object Widget Toolkit Core Infrastructures...
[  0.342100 ] [ INFO   ] Registering base abstract widget class prototypes and memory structures...
[  0.345220 ] [  OK    ] Base Widget core structure verification: Checked.
[  0.347500 ] [ INFO   ] Allocating object pools for layout managers and active container lists...
[  0.350100 ] [  OK    ] Container and system Focus Management controller arrays initialized.
[  0.352400 ] [ INFO   ] Loading available UI kit primitive definitions...
[  0.355115 ] [  OK    ] Toolkit registration successful: Primitive components [Button, Label, TextBox, ScrollBar] bound.
[  0.358200 ] [ INFO   ] Loading visual theme profiles from file system (/system/security/theme.cfg)...
[  0.359500 ] [  OK    ] Theme loaded: Flat Classic Grey palette active.
[  0.360105 ] [ INFO   ] Executing handoff sequence to primary Desktop Environment (examples/shell.cpp)...
[  0.362100 ] [ INFO   ] Allocating User-space runtime boundaries for the shell window process...
[  0.364400 ] [ INFO   ] Launching main application context container...
[  0.365440 ] [  OK    ] Boot process complete. Dismantling early boot logger. Displaying Desktop Canvas.
[  0.368112 ] [  OK    ] Reached target System Initialization (systemd_graph.cpp).
[  0.370215 ] [ INFO   ] systemd: Activating core system units from dependency matrix...
[  0.372450 ]          Starting Virtual Console Setup Service...
[  0.378910 ] [  OK    ] Started Virtual Console Setup Service.
[  0.380102 ]          Starting Apply Kernel Variables Service...
[  0.384230 ] [  OK    ] Started Apply Kernel Variables Service (blockos.settings loaded).
[  0.386001 ]          Starting Create Volatile Files and Directories...
[  0.395115 ] [  OK    ] Started Create Volatile Files and Directories (Mounted /tmp structure).
[  0.397400 ]          Starting Network Time Synchronization (dhcp_dns_stack.cpp)...
[  0.421550 ] [  OK    ] Started Network Time Synchronization (NTP upstream synchronized).
[  0.423100 ] [  OK    ] Reached target System Network Time Synchronization.
[  0.425410 ]          Starting BlockOS Local Device Manager Daemon (device_manager.cpp)...
[  0.441220 ] [  OK    ] Started BlockOS Local Device Manager Daemon.
[  0.443105 ] [  OK    ] Reached target Local Encrypted and Standard File Systems.
[  0.445200 ]          Starting System Security Auditing Architecture...
[  0.452440 ] [  OK    ] Started System Security Auditing Architecture (/filesystem/security ready).
[  0.455100 ]          Starting Multi-User Desktop Display Server...
[  0.498115 ] [  OK    ] Started Multi-User Desktop Display Server (backbuffer rendering engine tied).
[  0.501220 ] [  OK    ] Reached target Multi-User System Canvas.
[  0.504105 ] [  OK    ] Reached target Graphical Desktop Interface (systemd execution chain finished).
[  0.298500 ] [ INFO   ] DHCP Acknowledgment received. Finalizing local stack network variables.
[  0.312005 ] [  OK    ] Network Identity Assigned -> IP: 10.0.2.15 | Netmask: 255.255.255.0 | Gateway: 10.0.2.2
[  0.313410 ] [  WARN  ] ps2mouse: High-rate sampling (80Hz) failed. Falling back to safe legacy mode (40Hz).
[  0.315000 ] [ INFO   ] Initializing Graphical User Interface Subsystem (kernel/gui/)...
[  0.316200 ] [ INFO   ] Opening system bitmap font resource package located at /system/fonts/default.psf...
[  0.318440 ] [ INFO   ] Reading PSFv2 file headers. Font height: 16 pixels. Font width: 8 pixels.
[  0.322110 ] [  OK    ] Font engine ready. 256 glyph bitmaps compiled into fast access kernel arrays.
[  0.330105 ] [ INFO   ] Initializing Window Compositor Subsystem (kernel/gui/compositor.cpp)...
[  0.332500 ] [ INFO   ] Allocating global layer stack allocation tables...
[  0.333900 ] [ INFO   ] Creating system mouse cursor cursor bitmap projection map...
[  0.335440 ] [  OK    ] Compositor active. Z-index ordering engine online. Event bubbling routing path open.
[  0.340115 ] [ INFO   ] Spawning GUI Object Widget Toolkit Core Infrastructures...
[  0.342100 ] [ INFO   ] Registering base abstract widget class prototypes and memory structures...
[  0.345220 ] [  OK    ] Base Widget core structure verification: Checked.
[  0.347500 ] [ INFO   ] Allocating object pools for layout managers and active container lists...
[  0.350100 ] [  OK    ] Container and system Focus Management controller arrays initialized.
[  0.352400 ] [ INFO   ] Loading available UI kit primitive definitions...
[  0.355115 ] [  OK    ] Toolkit registration successful: Primitive components [Button, Label, TextBox, ScrollBar] bound.
[  0.358200 ] [ INFO   ] Loading visual theme profiles from file system (/system/security/theme.cfg)...
[  0.359500 ] [  OK    ] Theme loaded: Flat Classic Grey palette active.
[  0.360105 ] [ INFO   ] Executing handoff sequence to primary Desktop Environment (examples/shell.cpp)...
[  0.362100 ] [ INFO   ] Allocating User-space runtime boundaries for the shell window process...
[  0.364400 ] [ INFO   ] Launching main application context container...
[  0.365440 ] [  OK    ] Boot process complete. Dismantling early boot logger. Displaying Desktop Canvas.
[  0.368112 ] [  OK    ] Reached target System Initialization (systemd_graph.cpp).
[  0.370215 ] [ INFO   ] systemd: Activating core system units from dependency matrix...
[  0.372450 ]          Starting Virtual Console Setup Service...
[  0.378910 ] [  OK    ] Started Virtual Console Setup Service.
[  0.380102 ]          Starting Apply Kernel Variables Service...
[  0.384230 ] [  OK    ] Started Apply Kernel Variables Service (blockos.settings loaded).
[  0.386001 ]          Starting Create Volatile Files and Directories...
[  0.395115 ] [  OK    ] Started Create Volatile Files and Directories (Mounted /tmp structure).
[  0.397400 ]          Starting Network Time Synchronization (dhcp_dns_stack.cpp)...
[  0.421550 ] [  OK    ] Started Network Time Synchronization (NTP upstream synchronized).
[  0.423100 ] [  OK    ] Reached target System Network Time Synchronization.
[  0.425410 ]          Starting BlockOS Local Device Manager Daemon (device_manager.cpp)...
[  0.441220 ] [  OK    ] Started BlockOS Local Device Manager Daemon.
[  0.443105 ] [  OK    ] Reached target Local Encrypted and Standard File Systems.
[  0.445200 ]          Starting System Security Auditing Architecture...
[  0.452440 ] [  OK    ] Started System Security Auditing Architecture (/filesystem/security ready).
[  0.455100 ]          Starting Multi-User Desktop Display Server...
[  0.498115 ] [  OK    ] Started Multi-User Desktop Display Server (backbuffer rendering engine tied).
[  0.501220 ] [  OK    ] Reached target Multi-User System Canvas.
[  0.504105 ] [  OK    ] Reached target Graphical Desktop Interface (systemd execution chain finished).
[  0.505200 ] [ INFO   ] systemd: Startup finished in 505ms (kernel: 365ms, userspace/services: 140ms).
[  0.506110 ] [ INFO   ] BlockOS kernel execution ring level dropped to Ring 3 (User Land).
[  0.508450 ] [ INFO   ] examples/shell.cpp: Subscribing to mouse move vectors and active window tick updates.
[  0.510200 ] [ INFO   ] toolkit: Welcome dialog window created dynamically in active memory heap.
[  0.511890 ] [  OK    ] Framebuffer swap triggered. Canvas refreshed. System is idle. Ready for input.
[  0.513002 ]          Starting VirtIO Storage Optimization Optimization Service...
[  0.518450 ] [  OK    ] Started VirtIO Storage Optimization Service (Read-ahead buffer size expanded to 64KB).
[  0.520110 ]          Starting Memory Compression Subsystem (kernel/allocator.cpp)...
[  0.525400 ] [  OK    ] Started Memory Compression Subsystem (zram-like volatile swap pool established).
[  0.527115 ]          Starting Entropy Collector and Hardware RNG Daemon...
[  0.531220 ] [  OK    ] Started Entropy Collector and Hardware RNG Daemon (RDRAND stream bound to seed).
[  0.532890 ]          Starting Dynamic Linker Cache Generation...
[  0.539440 ] [  OK    ] Started Dynamic Linker Cache Generation (Kernel symbol map export synchronized).
[  0.541105 ]          Starting Asynchronous Kernel Module Garbage Collector...
[  0.545210 ] [  OK    ] Started Asynchronous Kernel Module Garbage Collector (Dead descriptor trimming active).
[  0.298500 ] [ INFO   ] DHCP Acknowledgment received. Finalizing local stack network variables.
[  0.312005 ] [  OK    ] Network Identity Assigned -> IP: 10.0.2.15 | Netmask: 255.255.255.0 | Gateway: 10.0.2.2
[  0.313410 ] [  WARN  ] ps2mouse: High-rate sampling (80Hz) failed. Falling back to safe legacy mode (40Hz).
[  0.315000 ] [ INFO   ] Initializing Graphical User Interface Subsystem (kernel/gui/)...
[  0.316200 ] [ INFO   ] Opening system bitmap font resource package located at /system/fonts/default.psf...
[  0.318440 ] [ INFO   ] Reading PSFv2 file headers. Font height: 16 pixels. Font width: 8 pixels.
[  0.322110 ] [  OK    ] Font engine ready. 256 glyph bitmaps compiled into fast access kernel arrays.
[  0.330105 ] [ INFO   ] Initializing Window Compositor Subsystem (kernel/gui/compositor.cpp)...
[  0.332500 ] [ INFO   ] Allocating global layer stack allocation tables...
[  0.333900 ] [ INFO   ] Creating system mouse cursor cursor bitmap projection map...
[  0.335440 ] [  OK    ] Compositor active. Z-index ordering engine online. Event bubbling routing path open.
[  0.340115 ] [ INFO   ] Spawning GUI Object Widget Toolkit Core Infrastructures...
[  0.342100 ] [ INFO   ] Registering base abstract widget class prototypes and memory structures...
[  0.345220 ] [  OK    ] Base Widget core structure verification: Checked.
[  0.347500 ] [ INFO   ] Allocating object pools for layout managers and active container lists...
[  0.350100 ] [  OK    ] Container and system Focus Management controller arrays initialized.
[  0.352400 ] [ INFO   ] Loading available UI kit primitive definitions...
[  0.355115 ] [  OK    ] Toolkit registration successful: Primitive components [Button, Label, TextBox, ScrollBar] bound.
[  0.358200 ] [ INFO   ] Loading visual theme profiles from file system (/system/security/theme.cfg)...
[  0.359500 ] [  OK    ] Theme loaded: Flat Classic Grey palette active.
[  0.360105 ] [ INFO   ] Executing handoff sequence to primary Desktop Environment (examples/shell.cpp)...
[  0.362100 ] [ INFO   ] Allocating User-space runtime boundaries for the shell window process...
[  0.364400 ] [ INFO   ] Launching main application context container...
[  0.365440 ] [  OK    ] Boot process complete. Dismantling early boot logger. Displaying Desktop Canvas.
[  0.368112 ] [  OK    ] Reached target System Initialization (systemd_graph.cpp).
[  0.370215 ] [ INFO   ] systemd: Activating core system units from dependency matrix...
[  0.372450 ]          Starting Virtual Console Setup Service...
[  0.378910 ] [  OK    ] Started Virtual Console Setup Service.
[  0.380102 ]          Starting Apply Kernel Variables Service...
[  0.384230 ] [  OK    ] Started Apply Kernel Variables Service (blockos.settings loaded).
[  0.386001 ]          Starting Create Volatile Files and Directories...
[  0.395115 ] [  OK    ] Started Create Volatile Files and Directories (Mounted /tmp structure).
[  0.397400 ]          Starting Network Time Synchronization (dhcp_dns_stack.cpp)...
[  0.421550 ] [  OK    ] Started Network Time Synchronization (NTP upstream synchronized).
[  0.423100 ] [  OK    ] Reached target System Network Time Synchronization.
[  0.425410 ]          Starting BlockOS Local Device Manager Daemon (device_manager.cpp)...
[  0.441220 ] [  OK    ] Started BlockOS Local Device Manager Daemon.
[  0.443105 ] [  OK    ] Reached target Local Encrypted and Standard File Systems.
[  0.445200 ]          Starting System Security Auditing Architecture...
[  0.452440 ] [  OK    ] Started System Security Auditing Architecture (/filesystem/security ready).
[  0.455100 ]          Starting Multi-User Desktop Display Server...
[  0.498115 ] [  OK    ] Started Multi-User Desktop Display Server (backbuffer rendering engine tied).
[  0.501220 ] [  OK    ] Reached target Multi-User System Canvas.
[  0.504105 ] [  OK    ] Reached target Graphical Desktop Interface (systemd execution chain finished).
[  0.505200 ] [ INFO   ] systemd: Startup finished in 505ms (kernel: 365ms, userspace/services: 140ms).
[  0.506110 ] [ INFO   ] BlockOS kernel execution ring level dropped to Ring 3 (User Land).
[  0.508450 ] [ INFO   ] examples/shell.cpp: Subscribing to mouse move vectors and active window tick updates.
[  0.510200 ] [ INFO   ] toolkit: Welcome dialog window created dynamically in active memory heap.
[  0.511890 ] [  OK    ] Framebuffer swap triggered. Canvas refreshed. System is idle. Ready for input.
[  0.513002 ]          Starting VirtIO Storage Optimization Service...
[  0.518450 ] [  OK    ] Started VirtIO Storage Optimization Service (Read-ahead buffer size expanded to 64KB).
[  0.520110 ]          Starting Memory Compression Subsystem (kernel/allocator.cpp)...
[  0.525400 ] [  OK    ] Started Memory Compression Subsystem (zram-like volatile swap pool established).
[  0.527115 ]          Starting Entropy Collector and Hardware RNG Daemon...
[  0.531220 ] [  OK    ] Started Entropy Collector and Hardware RNG Daemon (RDRAND stream bound to seed).
[  0.532890 ]          Starting Dynamic Linker Cache Generation...
[  0.539440 ] [  OK    ] Started Dynamic Linker Cache Generation (Kernel symbol map export synchronized).
[  0.541105 ]          Starting Asynchronous Kernel Module Garbage Collector...
[  0.545210 ] [  OK    ] Started Asynchronous Kernel Module Garbage Collector (Dead descriptor trimming active).
[  0.547100 ]          Starting Periodic System Configuration Sync Service...
[  0.552315 ] [  OK    ] Started Periodic System Configuration Sync Service (blockos.settings auto-backup timer arm: 300s).
[  0.554010 ]          Starting Kernel Memory Leak Detector and Watchdog Daemon...
[  0.561440 ] [  OK    ] Started Kernel Memory Leak Detector and Watchdog Daemon (Slab allocator tracking verified).
[  0.563120 ]          Starting User Space Input Pipeline Acceleration Unit...
[  0.568900 ] [  OK    ] Started User Space Input Pipeline Acceleration Unit (PS/2 packet interpolation active).
[  0.570105 ] [ INFO   ] systemd: All auxiliary background target services fully detached.
[  0.572440 ] [  OK    ] BlockOS core runlevel 5 (Full Graphical Distributed Environment) is stable.

